\BOOKMARK [0][-]{section*.1}{\376\377\000C\000o\000v\000E\000s\000t\000s\000:\000\040\000N\000o\000n\000p\000a\000r\000a\000m\000e\000t\000r\000i\000c\000\040\000A\000u\000t\000o\000c\000o\000v\000a\000r\000i\000a\000n\000c\000e\000\040\000E\000s\000t\000i\000m\000a\000t\000i\000o\000n\000\040\000a\000n\000d\000\040\000A\000n\000a\000l\000y\000s\000i\000s}{}% 1
\BOOKMARK [1][-]{section.2.1}{\376\377\000I\000n\000t\000r\000o\000d\000u\000c\000t\000i\000o\000n}{section*.1}% 2
\BOOKMARK [1][-]{section.2.2}{\376\377\000N\000o\000n\000p\000a\000r\000a\000m\000e\000t\000r\000i\000c\000\040\000e\000s\000t\000i\000m\000a\000t\000o\000r\000s\000\040\000o\000f\000\040\000a\000u\000t\000o\000c\000o\000v\000a\000r\000i\000a\000n\000c\000e\000\040\000f\000u\000n\000c\000t\000i\000o\000n\000s}{section*.1}% 3
\BOOKMARK [2][-]{subsection.2.2.1}{\376\377\000S\000t\000a\000n\000d\000a\000r\000d\000\040\000e\000s\000t\000i\000m\000a\000t\000o\000r\000s}{section.2.2}% 4
\BOOKMARK [2][-]{subsection.2.2.2}{\376\377\000K\000e\000r\000n\000e\000l\000\040\000r\000e\000g\000r\000e\000s\000s\000i\000o\000n\000\040\000e\000s\000t\000i\000m\000a\000t\000o\000r\000s}{section.2.2}% 5
\BOOKMARK [2][-]{subsection.2.2.3}{\376\377\000T\000a\000p\000e\000r\000e\000d\000\040\000e\000s\000t\000i\000m\000a\000t\000o\000r\000s}{section.2.2}% 6
\BOOKMARK [2][-]{subsection.2.2.4}{\376\377\000S\000p\000l\000i\000n\000e\000s\000\040\000e\000s\000t\000i\000m\000a\000t\000o\000r\000s}{section.2.2}% 7
\BOOKMARK [2][-]{subsection.2.2.5}{\376\377\000K\000e\000r\000n\000e\000l\000\040\000c\000o\000r\000r\000e\000c\000t\000i\000o\000n\000\040\000e\000s\000t\000i\000m\000a\000t\000o\000r\000s}{section.2.2}% 8
\BOOKMARK [2][-]{subsection.2.2.6}{\376\377\000L\000i\000n\000e\000a\000r\000\040\000s\000h\000r\000i\000n\000k\000i\000n\000g}{section.2.2}% 9
\BOOKMARK [2][-]{subsection.2.2.7}{\376\377\000B\000l\000o\000c\000k\000\040\000b\000o\000o\000t\000s\000t\000r\000a\000p}{section.2.2}% 10
\BOOKMARK [1][-]{section.2.3}{\376\377\000P\000a\000c\000k\000a\000g\000e\000\040\000s\000t\000r\000u\000c\000t\000u\000r\000e\000\040\000a\000n\000d\000\040\000f\000u\000n\000c\000t\000i\000o\000n\000\040\000o\000v\000e\000r\000v\000i\000e\000w}{section*.1}% 11
\BOOKMARK [2][-]{subsection.2.3.1}{\376\377\000P\000a\000c\000k\000a\000g\000e\000\040\000i\000n\000t\000e\000r\000f\000a\000c\000e\000\040\000a\000n\000d\000\040\000S\0003\000\040\000o\000b\000j\000e\000c\000t\000s\000\040\000o\000v\000e\000r\000v\000i\000e\000w}{section.2.3}% 12
\BOOKMARK [2][-]{subsection.2.3.2}{\376\377\000M\000a\000i\000n\000\040\000e\000s\000t\000i\000m\000a\000t\000o\000r\000s}{section.2.3}% 13
\BOOKMARK [2][-]{subsection.2.3.3}{\376\377\000K\000e\000r\000n\000e\000l\000s\000,\000\040\000w\000i\000n\000d\000o\000w\000s\000\040\000a\000n\000d\000\040\000a\000s\000s\000o\000c\000i\000a\000t\000e\000d\000\040\000e\000s\000t\000i\000m\000a\000t\000o\000r\000s}{section.2.3}% 14
\BOOKMARK [2][-]{subsection.2.3.4}{\376\377\000E\000s\000t\000i\000m\000a\000t\000o\000r\000\040\000a\000d\000j\000u\000s\000t\000m\000e\000n\000t\000/\000m\000o\000d\000i\000f\000i\000c\000a\000t\000i\000o\000n}{section.2.3}% 15
\BOOKMARK [2][-]{subsection.2.3.5}{\376\377\000M\000e\000t\000r\000i\000c\000s}{section.2.3}% 16
\BOOKMARK [1][-]{section.2.4}{\376\377\000E\000x\000a\000m\000p\000l\000e\000s}{section*.1}% 17
\BOOKMARK [2][-]{subsection.2.4.1}{\376\377\000E\000x\000a\000m\000p\000l\000e\000\040\0001}{section.2.4}% 18
\BOOKMARK [2][-]{subsection.2.4.2}{\376\377\000E\000x\000a\000m\000p\000l\000e\000\040\0002}{section.2.4}% 19
\BOOKMARK [2][-]{subsection.2.4.3}{\376\377\000E\000x\000a\000m\000p\000l\000e\000\040\0003}{section.2.4}% 20
\BOOKMARK [2][-]{subsection.2.4.4}{\376\377\000E\000x\000a\000m\000p\000l\000e\000\040\0004}{section.2.4}% 21
\BOOKMARK [1][-]{section.2.5}{\376\377\000S\000u\000m\000m\000a\000r\000y}{section*.1}% 22
\BOOKMARK [1][-]{section.2.6}{\376\377\000C\000o\000m\000p\000u\000t\000a\000t\000i\000o\000n\000\040\000d\000e\000t\000a\000i\000l\000s}{section*.1}% 23
\BOOKMARK [1][-]{section.2.7}{\376\377\000A\000c\000k\000n\000o\000w\000l\000e\000d\000g\000e\000m\000e\000n\000t}{section*.1}% 24
